// Jest Snapshot v1, https://goo.gl/fbAQLP

exports[`renders without crashing if renders 1`] = `
<App
  classes={
    Object {
      "root": "App-root-1",
    }
  }
/>
`;
