// Jest Snapshot v1, https://goo.gl/fbAQLP

exports[`renders without crashing if renders 1`] = `
<ActorsView
  actors={Array []}
  classes={
    Object {
      "content": "ActorsView-content-1",
      "toolbar": "ActorsView-toolbar-2",
    }
  }
/>
`;
