// Jest Snapshot v1, https://goo.gl/fbAQLP

exports[`renders without crashing if renders 1`] = `
<NavigationDrawer
  checked={true}
  classes={
    Object {
      "drawerPaper": "NavigationDrawer-drawerPaper-1",
    }
  }
/>
`;
